12-27 20:42:33.637  1381 11241 I WindowManager: Changing focus from Window{599a1fd u0 com.android.todolist/com.android.todolist.MainActivity} to Window{17afe7f u0 com.android.todolist/com.android.todolist.MainActivity} displayId=0 Callers=com.android.server.wm.RootWindowContainer.updateFocusedWindowLocked:201 com.android.server.wm.WindowManagerService.updateFocusedWindowLocked:6211 com.android.server.wm.WindowManagerService.addWindow:1889 com.android.server.wm.HwWindowManagerService.addWindow:260 
12-27 20:42:33.638  1381 11241 I WindowManager: addWindow: Window{17afe7f u0 com.android.todolist/com.android.todolist.MainActivity}
12-27 20:42:33.647 12085 12447 D HiTouch_PressGestureDetector: onAttached, package=com.android.todolist, windowType=2, mHiTouchRestricted=true
12-27 20:42:33.713  1381  1424 I WindowManager: dispatchResized : win = Window{17afe7f u0 com.android.todolist/com.android.todolist.MainActivity} drawState = READY_TO_SHOW
12-27 20:42:33.727  1381  1421 I StatusBarDisable: setFlags what=0 which=1 pkg=Window{17afe7f u0 com.android.todolist/com.android.todolist.MainActivity}
12-27 20:42:34.699 12085 12085 I chatty  : uid=10051(com.android.todolist) identical 2 lines
12-27 20:42:34.732  1381  1421 I StatusBarDisable: setFlags what=0 which=1 pkg=Window{17afe7f u0 com.android.todolist/com.android.todolist.MainActivity}
12-27 20:42:34.738  1381  1558 I WindowManager: dispatchResized : win = Window{599a1fd u0 com.android.todolist/com.android.todolist.MainActivity} drawState = HAS_DRAWN
12-27 20:42:38.628  1381  5968 I WindowManager: removeIfPossible: Window{17afe7f u0 com.android.todolist/com.android.todolist.MainActivity} callers=com.android.server.wm.WindowState.removeIfPossible:2332 com.android.server.wm.WindowManagerService.removeWindow:2080 com.android.server.wm.Session.remove:178 android.view.IWindowSession$Stub.onTransact:658 com.android.server.wm.Session.onTransact:136 
12-27 20:42:38.630  1381  5968 I WindowManager: Not removing Window{17afe7f u0 com.android.todolist/com.android.todolist.MainActivity EXITING} due to exit animation 
12-27 20:42:38.630  1381  5968 I WindowManager: Changing focus from Window{17afe7f u0 com.android.todolist/com.android.todolist.MainActivity EXITING} to Window{599a1fd u0 com.android.todolist/com.android.todolist.MainActivity} displayId=0 Callers=com.android.server.wm.RootWindowContainer.updateFocusedWindowLocked:201 com.android.server.wm.WindowManagerService.updateFocusedWindowLocked:6211 com.android.server.wm.WindowState.setupWindowForRemoveOnExit:2487 com.android.server.wm.WindowState.removeIfPossible:2449 
12-27 20:42:38.645  1381  5968 E InputDispatcher: Window handle Window{17afe7f u0 com.android.todolist/com.android.todolist.MainActivity} has no registered input channel
12-27 20:42:38.739  1381  1421 I StatusBarDisable: setFlags what=0 which=1 pkg=Window{599a1fd u0 com.android.todolist/com.android.todolist.MainActivity}
12-27 20:42:38.741  1381  5968 I WindowManager: dispatchResized : win = Window{599a1fd u0 com.android.todolist/com.android.todolist.MainActivity} drawState = HAS_DRAWN
12-27 20:42:38.795  1381  1424 I WindowManager: Exit animation finished in Window{17afe7f u0 com.android.todolist/com.android.todolist.MainActivity EXITING}: remove=true
12-27 20:42:38.795  1381  1424 E WindowManager: win=Window{17afe7f u0 com.android.todolist/com.android.todolist.MainActivity EXITING} destroySurfaces: appStopped=false win.mWindowRemovalAllowed=true win.mRemoveOnExit=true
12-27 20:42:38.796  1381  1424 I WindowManager: postWindowRemoveCleanupLocked: Window{17afe7f u0 com.android.todolist/com.android.todolist.MainActivity}
12-27 20:42:38.796  1381  1424 I WindowManager: Removing Window{17afe7f u0 com.android.todolist/com.android.todolist.MainActivity} from AppWindowToken{b020b96 token=Token{84eeab1 ActivityRecord{45b8e3b u0 com.android.todolist/.MainActivity t678}}}
12-27 20:42:41.071  1381 11241 I ActivityTaskManager: START u0 {hwFlg=0x10 cmp=com.android.todolist/.ListActivity (has extras)} from uid 10051
12-27 20:42:41.073  1381 11241 I ActivityTaskManager: ActivityRecord info: ActivityInfo{a8c742d com.android.todolist.ListActivity}
12-27 20:42:41.074  1381 11241 D ActivityTaskManager: TaskLaunchParamsModifier:task=null activity=ActivityRecord{1015d62 u0 com.android.todolist/.ListActivity t-1} display-from-source=0 display-id=0 display-windowing-mode=1
12-27 20:42:41.075  1381 11241 D ActivityTaskManager: TaskLaunchParamsModifier:task=null activity=ActivityRecord{1015d62 u0 com.android.todolist/.ListActivity t-1} display-from-source=0 display-id=0 display-windowing-mode=1 activity-options-fullscreen=Rect(0, 0 - 0, 0) non-freeform-display maximized-bounds
12-27 20:42:41.077  1381 11241 V ActivityTaskManager: addAppToken: AppWindowToken{b9c57b0 token=Token{3d4cef3 ActivityRecord{1015d62 u0 com.android.todolist/.ListActivity t678}}} task={taskId=678 appTokens=[AppWindowToken{b020b96 token=Token{84eeab1 ActivityRecord{45b8e3b u0 com.android.todolist/.MainActivity t678}}}] mdr=false} at 2147483647
12-27 20:42:41.105  1381  1558 I ActivityTaskManager: Making visible and scheduling visibility: ActivityRecord{1015d62 u0 com.android.todolist/.ListActivity t678}
12-27 20:42:41.110  1381  1558 I WindowManager: Changing focus from Window{599a1fd u0 com.android.todolist/com.android.todolist.MainActivity} to null displayId=0 Callers=com.android.server.wm.RootWindowContainer.updateFocusedWindowLocked:201 com.android.server.wm.WindowManagerService.updateFocusedWindowLocked:6211 com.android.server.wm.ActivityDisplay.setFocusedApp:1509 com.android.server.wm.ActivityTaskManagerService.setResumedActivityUncheckLocked:6238 
12-27 20:42:41.116  1381  1558 I WindowManager: Check opening app=AppWindowToken{b9c57b0 token=Token{3d4cef3 ActivityRecord{1015d62 u0 com.android.todolist/.ListActivity t678}}}: allDrawn=false startingDisplayed=false startingMoved=false isRelaunching()=false startingWindow=null
12-27 20:42:41.117  1381  1423 V ActivityTaskManager: Stopping ActivityRecord{45b8e3b u0 com.android.todolist/.MainActivity t678}: nowVisible=false animating=true finishing=false
12-27 20:42:41.118  1381  1431 I HwAudioServiceEx: ComponentInfo : className = com.android.todolist.MainActivity, flag=onPause, isHomeActivity=, isTop=false
12-27 20:42:41.125  1381  1558 I WindowManager: Check opening app=AppWindowToken{b9c57b0 token=Token{3d4cef3 ActivityRecord{1015d62 u0 com.android.todolist/.ListActivity t678}}}: allDrawn=false startingDisplayed=false startingMoved=false isRelaunching()=false startingWindow=null
12-27 20:42:41.149  1381  1424 I WindowManager: Check opening app=AppWindowToken{b9c57b0 token=Token{3d4cef3 ActivityRecord{1015d62 u0 com.android.todolist/.ListActivity t678}}}: allDrawn=false startingDisplayed=false startingMoved=false isRelaunching()=false startingWindow=null
12-27 20:42:41.260  1381  1424 I WindowManager: Check opening app=AppWindowToken{b9c57b0 token=Token{3d4cef3 ActivityRecord{1015d62 u0 com.android.todolist/.ListActivity t678}}}: allDrawn=false startingDisplayed=false startingMoved=false isRelaunching()=false startingWindow=null
12-27 20:42:41.297 12085 12085 D ActivityThread: add activity client record, r= ActivityRecord{2f4a979 token=android.os.BinderProxy@117c331 {com.android.todolist/com.android.todolist.ListActivity}} token= android.os.BinderProxy@117c331
12-27 20:42:41.312  1381  5968 I WindowManager: addWindow: Window{24f5ae3 u0 com.android.todolist/com.android.todolist.ListActivity}
12-27 20:42:41.317  1381  1431 I HwAudioServiceEx: ComponentInfo : className = com.android.todolist.ListActivity, flag=onResume, isHomeActivity=, isTop=true
12-27 20:42:41.328 12085 12454 D HiTouch_PressGestureDetector: onAttached, package=com.android.todolist, windowType=1, mHiTouchRestricted=true
12-27 20:42:41.346  1381 11241 I WindowManager: Check opening app=AppWindowToken{b9c57b0 token=Token{3d4cef3 ActivityRecord{1015d62 u0 com.android.todolist/.ListActivity t678}}}: allDrawn=false startingDisplayed=false startingMoved=false isRelaunching()=false startingWindow=null
12-27 20:42:41.350  1381 11241 I WindowManager: Changing focus from null to Window{24f5ae3 u0 com.android.todolist/com.android.todolist.ListActivity} displayId=0 Callers=com.android.server.wm.RootWindowContainer.updateFocusedWindowLocked:201 com.android.server.wm.WindowManagerService.updateFocusedWindowLocked:6211 com.android.server.wm.WindowManagerService.relayoutWindow:2573 com.android.server.wm.Session.relayout:196 
12-27 20:42:41.351  1381  1421 I StatusBarDisable: setFlags what=0 which=1 pkg=Window{24f5ae3 u0 com.android.todolist/com.android.todolist.ListActivity}
12-27 20:42:41.391  1381  1424 I WindowManager: Check opening app=AppWindowToken{b9c57b0 token=Token{3d4cef3 ActivityRecord{1015d62 u0 com.android.todolist/.ListActivity t678}}}: allDrawn=true startingDisplayed=false startingMoved=false isRelaunching()=false startingWindow=null
12-27 20:42:41.393  1381  1424 D HwWindowManagerServiceEx: is app exit to launcher info: transit = 6, app = AppWindowToken{b020b96 token=Token{84eeab1 ActivityRecord{45b8e3b u0 com.android.todolist/.MainActivity t678}}}, window = Window{599a1fd u0 com.android.todolist/com.android.todolist.MainActivity}, mClosingApps = {AppWindowToken{b020b96 token=Token{84eeab1 ActivityRecord{45b8e3b u0 com.android.todolist/.MainActivity t678}}}}, topOpeningApp = AppWindowToken{b9c57b0 token=Token{3d4cef3 ActivityRecord{1015d62 u0 com.android.todolist/.ListActivity t678}}}, mExitIconBitmap = null, mExitIconHeight = -1, mExitIconWidth = -1
12-27 20:42:41.397  1381  1424 V WindowManager: commitVisibility: AppWindowToken{b020b96 token=Token{84eeab1 ActivityRecord{45b8e3b u0 com.android.todolist/.MainActivity t678}}}: hidden=true hiddenRequested=true
12-27 20:42:41.399  1381  1424 D HwWindowManagerServiceEx: is app exit to launcher info: transit = 6, app = AppWindowToken{b9c57b0 token=Token{3d4cef3 ActivityRecord{1015d62 u0 com.android.todolist/.ListActivity t678}}}, window = Window{24f5ae3 u0 com.android.todolist/com.android.todolist.ListActivity}, mClosingApps = {AppWindowToken{b020b96 token=Token{84eeab1 ActivityRecord{45b8e3b u0 com.android.todolist/.MainActivity t678}}}}, topOpeningApp = AppWindowToken{b9c57b0 token=Token{3d4cef3 ActivityRecord{1015d62 u0 com.android.todolist/.ListActivity t678}}}, mExitIconBitmap = null, mExitIconHeight = -1, mExitIconWidth = -1
12-27 20:42:41.402  1381  1424 V WindowManager: commitVisibility: AppWindowToken{b9c57b0 token=Token{3d4cef3 ActivityRecord{1015d62 u0 com.android.todolist/.ListActivity t678}}}: hidden=false hiddenRequested=false
12-27 20:42:41.404  1381  1424 I WindowManager: dispatchResized : win = Window{24f5ae3 u0 com.android.todolist/com.android.todolist.ListActivity} drawState = HAS_DRAWN
12-27 20:42:41.443  1381  1558 V ActivityTaskManager: Activity idle: Token{3d4cef3 ActivityRecord{1015d62 u0 com.android.todolist/.ListActivity t678}}
12-27 20:42:41.446  1381  1558 V ActivityTaskManager: Stopping ActivityRecord{45b8e3b u0 com.android.todolist/.MainActivity t678}: nowVisible=false animating=true finishing=false
12-27 20:42:41.708  1381  1424 I WindowManager: Animation done in AppWindowToken{b020b96 token=Token{84eeab1 ActivityRecord{45b8e3b u0 com.android.todolist/.MainActivity t678}}} isHidden:true hiddenRequested:true
12-27 20:42:41.710  1381  1424 I WindowManager: Animation done in AppWindowToken{b9c57b0 token=Token{3d4cef3 ActivityRecord{1015d62 u0 com.android.todolist/.ListActivity t678}}} isHidden:false hiddenRequested:false
12-27 20:42:41.765  1381  2700 I WindowManager: notifyAppStopped: AppWindowToken{b020b96 token=Token{84eeab1 ActivityRecord{45b8e3b u0 com.android.todolist/.MainActivity t678}}}
12-27 20:42:41.765  1381  2700 E WindowManager: win=Window{599a1fd u0 com.android.todolist/com.android.todolist.MainActivity} destroySurfaces: appStopped=true win.mWindowRemovalAllowed=false win.mRemoveOnExit=false
12-27 20:42:43.081  1381  1558 W NotificationService: Toast already killed. pkg=com.android.todolist callback=android.app.ITransientNotification$Stub$Proxy@480ed09
12-27 20:42:43.197  1381  1424 I DebugKeepScreenOn: Releasing screen wakelock, obscured by Window{24f5ae3 u0 com.android.todolist/com.android.todolist.ListActivity}
12-27 20:42:45.126  1381  5968 I WindowManager: Adding Window{9943de6 u0 PopupWindow:a6dbee8} to Window{24f5ae3 u0 com.android.todolist/com.android.todolist.ListActivity}
12-27 20:42:45.129  1381  5968 I WindowManager: Changing focus from Window{24f5ae3 u0 com.android.todolist/com.android.todolist.ListActivity} to Window{9943de6 u0 PopupWindow:a6dbee8} displayId=0 Callers=com.android.server.wm.RootWindowContainer.updateFocusedWindowLocked:201 com.android.server.wm.WindowManagerService.updateFocusedWindowLocked:6211 com.android.server.wm.WindowManagerService.addWindow:1889 com.android.server.wm.HwWindowManagerService.addWindow:260 
12-27 20:42:47.936  1381  5968 I WindowManager: Changing focus from Window{9943de6 u0 PopupWindow:a6dbee8} to Window{24f5ae3 u0 com.android.todolist/com.android.todolist.ListActivity} displayId=0 Callers=com.android.server.wm.RootWindowContainer.updateFocusedWindowLocked:201 com.android.server.wm.WindowManagerService.updateFocusedWindowLocked:6211 com.android.server.wm.WindowManagerService.relayoutWindow:2573 com.android.server.wm.Session.relayout:196 
12-27 20:42:47.937  1381  5968 V HwPhoneWindowManager: updateSystemUiColorLw window=Window{24f5ae3 u0 com.android.todolist/com.android.todolist.ListActivity},EmuiStyle=0,StatusBarColor=0xff00574b,NavigationBarColor=0xfffcfcfc, mForceNotchStatusBar=false
12-27 20:42:47.938  1381  1421 I StatusBarDisable: setFlags what=0 which=1 pkg=Window{24f5ae3 u0 com.android.todolist/com.android.todolist.ListActivity}
12-27 20:42:48.029  1381  1558 I WindowManager: Changing focus from Window{24f5ae3 u0 com.android.todolist/com.android.todolist.ListActivity} to Window{70c06c3 u0 com.android.todolist/com.android.todolist.ListActivity} displayId=0 Callers=com.android.server.wm.RootWindowContainer.updateFocusedWindowLocked:201 com.android.server.wm.WindowManagerService.updateFocusedWindowLocked:6211 com.android.server.wm.WindowManagerService.addWindow:1889 com.android.server.wm.HwWindowManagerService.addWindow:260 
12-27 20:42:48.030  1381  1558 I WindowManager: addWindow: Window{70c06c3 u0 com.android.todolist/com.android.todolist.ListActivity}
12-27 20:42:48.037 12085 12459 D HiTouch_PressGestureDetector: onAttached, package=com.android.todolist, windowType=2, mHiTouchRestricted=true
12-27 20:42:48.108  1381  1424 I WindowManager: dispatchResized : win = Window{70c06c3 u0 com.android.todolist/com.android.todolist.ListActivity} drawState = READY_TO_SHOW
12-27 20:42:48.122  1381  1421 I StatusBarDisable: setFlags what=0 which=1 pkg=Window{70c06c3 u0 com.android.todolist/com.android.todolist.ListActivity}
12-27 20:42:48.340  1381  5968 I WindowManager: Removing Window{9943de6 u0 PopupWindow:a6dbee8} from AppWindowToken{b9c57b0 token=Token{3d4cef3 ActivityRecord{1015d62 u0 com.android.todolist/.ListActivity t678}}}
12-27 20:42:49.283 12085 12085 I chatty  : uid=10051(com.android.todolist) identical 2 lines
12-27 20:42:49.318  1381  1421 I StatusBarDisable: setFlags what=0 which=1 pkg=Window{70c06c3 u0 com.android.todolist/com.android.todolist.ListActivity}
12-27 20:42:49.324  1381  5968 I WindowManager: dispatchResized : win = Window{24f5ae3 u0 com.android.todolist/com.android.todolist.ListActivity} drawState = HAS_DRAWN
12-27 20:42:51.327  1381 11241 I WindowManager: removeIfPossible: Window{70c06c3 u0 com.android.todolist/com.android.todolist.ListActivity} callers=com.android.server.wm.WindowState.removeIfPossible:2332 com.android.server.wm.WindowManagerService.removeWindow:2080 com.android