12-27 20:25:13.592  1381  5491 W BroadcastQueue: Background execution not allowed: receiving Intent { act=android.intent.action.PACKAGE_ADDED dat=package:com.android.todolist flg=0x4000010 (has extras) } to com.android.packageinstaller/.PackageInstalledReceiver
12-27 20:25:34.172  1381  1558 I ActivityTaskManager: START u0 {act=android.intent.action.MAIN cat=[android.intent.category.LAUNCHER] flg=0x10200000 hwFlg=0x10 cmp=com.android.todolist/.MainActivity bnds=[360,697][528,905]} from uid 10062
12-27 20:25:34.175  1381  1558 I ActivityTaskManager: ActivityRecord info: ActivityInfo{c798035 com.android.todolist.MainActivity}
12-27 20:25:34.179  1381  1558 D ActivityTaskManager: TaskLaunchParamsModifier:task=null activity=ActivityRecord{45b8e3b u0 com.android.todolist/.MainActivity t-1} display-from-source=0 display-id=0 display-windowing-mode=1
12-27 20:25:34.180  1381  1558 D ActivityTaskManager: TaskLaunchParamsModifier:task=null activity=ActivityRecord{45b8e3b u0 com.android.todolist/.MainActivity t-1} display-from-source=0 display-id=0 display-windowing-mode=1 activity-options-fullscreen=Rect(0, 0 - 0, 0) non-freeform-display maximized-bounds
12-27 20:25:34.184  1381  1558 D ActivityTaskManager: TaskLaunchParamsModifier:task=TaskRecord{cf3b958 #678 A=10051:com.android.todolist U=0 StackId=7 sz=0} activity=ActivityRecord{45b8e3b u0 com.android.todolist/.MainActivity t-1} display-from-task=0 display-id=0 display-windowing-mode=1 activity-options-fullscreen=Rect(0, 0 - 0, 0) non-freeform-display maximized-bounds
12-27 20:25:34.188  1381  1558 V ActivityTaskManager: addAppToken: AppWindowToken{b020b96 token=Token{84eeab1 ActivityRecord{45b8e3b u0 com.android.todolist/.MainActivity t678}}} task={taskId=678 appTokens=[] mdr=false} at 2147483647
12-27 20:25:34.191  1381  1431 I HwAudioServiceEx: ComponentInfo : className = com.android.todolist.MainActivity, flag=showStartingWindow, isHomeActivity=, isTop=false
12-27 20:25:34.205  1381  1423 V ActivityManager: startProcess: name=com.android.todolist app=null knownToBeDead=false thread=null pid=-1 preloadStatus=-1
12-27 20:25:34.215  1381  1424 I WindowManager: addWindow: Window{91a06cc u0 Splash Screen com.android.todolist}
12-27 20:25:34.219  1381  1423 V ActivityManager: startProcess: name=com.android.todolist app=ProcessRecord{746181e 0:com.android.todolist/u0a51} knownToBeDead=false thread=null pid=0 preloadStatus=0
12-27 20:25:34.242  1381  1437 I ActivityManager: Start proc 12085:com.android.todolist/u0a51 for activity {com.android.todolist/com.android.todolist.MainActivity}
12-27 20:25:34.255  1381  1424 I WindowManager: performshow Window{91a06cc u0 Splash Screen com.android.todolist} tok.waitingToShow=true isTransitionSet=true parentHidden=false vis=0 tok.hidden=true hasSurface=true policyVis=true destroying=false animating=true
12-27 20:25:34.257  1381  1424 I WindowManager: dispatchResized : win = Window{91a06cc u0 Splash Screen com.android.todolist} drawState = READY_TO_SHOW
12-27 20:25:34.360  1381  1971 I WindowManager: performshow Window{91a06cc u0 Splash Screen com.android.todolist} tok.waitingToShow=true isTransitionSet=true parentHidden=false vis=0 tok.hidden=true hasSurface=true policyVis=true destroying=false animating=true
12-27 20:25:34.364  1381  1971 W HwActivityTaskManagerServiceEx: appSwitch from: com.huawei.android.launcher to: com.android.todolist
12-27 20:25:34.365  1381  1432 D HwGameAssistantController: UPDATE: mCurFgPkg=com.android.todolist, mCurFgPid=12085, mIsCurGame=false
12-27 20:25:34.368  1381  1424 I WindowManager: performshow Window{91a06cc u0 Splash Screen com.android.todolist} tok.waitingToShow=true isTransitionSet=true parentHidden=false vis=0 tok.hidden=true hasSurface=true policyVis=true destroying=false animating=true
12-27 20:25:34.370  1381  1424 I WindowManager: Check opening app=AppWindowToken{b020b96 token=Token{84eeab1 ActivityRecord{45b8e3b u0 com.android.todolist/.MainActivity t678}}}: allDrawn=false startingDisplayed=true startingMoved=false isRelaunching()=false startingWindow=Window{91a06cc u0 Splash Screen com.android.todolist}
12-27 20:25:34.371  1381  1424 D HwWindowManagerServiceEx: is app exit to launcher info: transit = 12, app = AppWindowToken{255f3ad token=Token{d1598c4 ActivityRecord{9b8b171 u0 com.huawei.android.launcher/.unihome.UniHomeLauncher t1}}}, window = Window{be4af42 u0 com.huawei.android.launcher/com.huawei.android.launcher.unihome.UniHomeLauncher}, mClosingApps = {AppWindowToken{255f3ad token=Token{d1598c4 ActivityRecord{9b8b171 u0 com.huawei.android.launcher/.unihome.UniHomeLauncher t1}}}}, topOpeningApp = AppWindowToken{b020b96 token=Token{84eeab1 ActivityRecord{45b8e3b u0 com.android.todolist/.MainActivity t678}}}, mExitIconBitmap = null, mExitIconHeight = -1, mExitIconWidth = -1
12-27 20:25:34.375  1381  1424 D HwWindowManagerServiceEx: is app exit to launcher info: transit = 12, app = AppWindowToken{b020b96 token=Token{84eeab1 ActivityRecord{45b8e3b u0 com.android.todolist/.MainActivity t678}}}, window = null, mClosingApps = {AppWindowToken{255f3ad token=Token{d1598c4 ActivityRecord{9b8b171 u0 com.huawei.android.launcher/.unihome.UniHomeLauncher t1}}}}, topOpeningApp = AppWindowToken{b020b96 token=Token{84eeab1 ActivityRecord{45b8e3b u0 com.android.todolist/.MainActivity t678}}}, mExitIconBitmap = null, mExitIconHeight = -1, mExitIconWidth = -1
12-27 20:25:34.378  1381  1424 V WindowManager: commitVisibility: AppWindowToken{b020b96 token=Token{84eeab1 ActivityRecord{45b8e3b u0 com.android.todolist/.MainActivity t678}}}: hidden=false hiddenRequested=false
12-27 20:25:34.382  1381  1421 I StatusBarDisable: setFlags what=0 which=1 pkg=Window{91a06cc u0 Splash Screen com.android.todolist}
12-27 20:25:34.541  1381  1424 I WindowManager: Animation done in AppWindowToken{b020b96 token=Token{84eeab1 ActivityRecord{45b8e3b u0 com.android.todolist/.MainActivity t678}}} isHidden:false hiddenRequested:false
12-27 20:25:34.732 12085 12085 I ndroid.todolis: QarthPatchMonintor::CheckAndWatchPatch: /data/hotpatch/fwkhotpatch/com.android.todolist
12-27 20:25:34.733 12085 12104 I HwApiCacheMangerEx: apicache path=/storage/emulated/0 state=mounted key=com.android.todolist#10051#256
12-27 20:25:34.736 12085 12104 I HwApiCacheMangerEx: apicache path=/storage/emulated/0 state=mounted key=com.android.todolist#10051#0
12-27 20:25:34.745 12085 12104 I AwareBitmapCacher: init processName:com.android.todolist pid=12085 uid=10051
12-27 20:25:34.773 12085 12144 I iGraphics: [0020080c] pn: com.android.todolist, p: 12085
12-27 20:25:35.389 12085 12085 D ActivityThread: add activity client record, r= ActivityRecord{882a04f token=android.os.BinderProxy@c6d6965 {com.android.todolist/com.android.todolist.MainActivity}} token= android.os.BinderProxy@c6d6965
12-27 20:25:35.430  1381  1558 I WindowManager: addWindow: Window{599a1fd u0 com.android.todolist/com.android.todolist.MainActivity}
12-27 20:25:35.442  1381  1431 I HwAudioServiceEx: ComponentInfo : className = com.android.todolist.MainActivity, flag=onResume, isHomeActivity=, isTop=true
12-27 20:25:35.449 12085 12188 D HiTouch_PressGestureDetector: onAttached, package=com.android.todolist, windowType=1, mHiTouchRestricted=true
12-27 20:25:35.508  1381  1971 I WindowManager: Changing focus from null to Window{599a1fd u0 com.android.todolist/com.android.todolist.MainActivity} displayId=0 Callers=com.android.server.wm.RootWindowContainer.updateFocusedWindowLocked:201 com.android.server.wm.WindowManagerService.updateFocusedWindowLocked:6211 com.android.server.wm.WindowManagerService.relayoutWindow:2573 com.android.server.wm.Session.relayout:196 
12-27 20:25:35.509  1381  1971 V HwPhoneWindowManager: updateSystemUiColorLw window=Window{599a1fd u0 com.android.todolist/com.android.todolist.MainActivity},EmuiStyle=0,StatusBarColor=0xff00574b,NavigationBarColor=0xfffcfcfc, mForceNotchStatusBar=false
12-27 20:25:35.512  1381  1421 I StatusBarDisable: setFlags what=0 which=1 pkg=Window{599a1fd u0 com.android.todolist/com.android.todolist.MainActivity}
12-27 20:25:35.837  1381  1424 I WindowManager: dispatchResized : win = Window{599a1fd u0 com.android.todolist/com.android.todolist.MainActivity} drawState = READY_TO_SHOW
12-27 20:25:35.844   749   782 D AwareLog: iawared: WorkingsetProcessCommand subCmd = 351, userId=10051, pid=12085, com.android.todolist
12-27 20:25:35.845   749   782 D AwareLog: iawared: WorkingsetPause com.android.todolist
12-27 20:25:35.855  1381  1424 I WindowManager: removeIfPossible: Window{91a06cc u0 Splash Screen com.android.todolist} callers=com.android.server.wm.WindowState.removeIfPossible:2332 com.android.server.wm.WindowManagerService.removeWindow:2080 com.android.server.wm.Session.remove:178 android.view.ViewRootImpl.dispatchDetachedFromWindow:4466 android.view.ViewRootImpl.doDie:7653 
12-27 20:25:35.858  1381  1424 I WindowManager: Not removing Window{91a06cc u0 Splash Screen com.android.todolist EXITING} due to exit animation 
12-27 20:25:35.922  1381  1424 I WindowManager: Exit animation finished in Window{91a06cc u0 Splash Screen com.android.todolist EXITING}: remove=true
12-27 20:25:35.922  1381  1424 E WindowManager: win=Window{91a06cc u0 Splash Screen com.android.todolist EXITING} destroySurfaces: appStopped=false win.mWindowRemovalAllowed=true win.mRemoveOnExit=true
12-27 20:25:35.924  1381  1424 I WindowManager: postWindowRemoveCleanupLocked: Window{91a06cc u0 Splash Screen com.android.todolist}
12-27 20:25:35.924  1381  1424 I WindowManager: Removing Window{91a06cc u0 Splash Screen com.android.todolist} from AppWindowToken{b020b96 token=Token{84eeab1 ActivityRecord{45b8e3b u0 com.android.todolist/.MainActivity t678}}}
12-27 20:25:35.957  1381  1558 V ActivityTaskManager: Activity idle: Token{84eeab1 ActivityRecord{45b8e3b u0 com.android.todolist/.MainActivity t678}}
12-27 20:25:37.846   749   782 D AwareLog: iawared: WorkingsetProcessCommand subCmd = 357, userId=10051, pid=12085, com.android.todolist
12-27 20:25:37.848   749   782 D AwareLog: iawared: WorkingsetPauseCollect com.android.todolist
12-27 20:25:39.749 12085 12085 D AwareBitmapCacher: handleInit disable com.android.todolist
12-27 20:25:43.852   749   782 D AwareLog: iawared: WorkingsetProcessCommand subCmd = 352, userId=10051, pid=12085, com.android.todolist
12-27 20:25:43.853   749   782 D AwareLog: iawared: WorkingsetStop com.android.todolist
12-27 20:26:02.445  1381  1558 I HwApsManagerConfig: registerCallbackLocked success, pkgName:com.android.todolist, callback_count:6
12-27 20:26:02.445  1381  1558 I HwApsManagerConfig: doCallbackAtFirstRegisterLocked, start ! pkgName:com.android.todolist
12-27 20:26:02.445 12085 12085 D Hwaps   : APS: EventAnalyzed: registerCallbackInApsManagerService, mPkgName:com.android.todolist; result = true
12-27 20:26:30.455  2553 11721 I HiAdKit.HiAdRequestDataLogger:  upper thread name: PPS-Net-pool-thread-33 request data: {"androidApiVer":"29","buildVer":"MED-L49 10.1.0.297(C10E4R3P2)","emuiVer":"EmotionUI_10.1.0","maker":"HUAWEI","model":"MED-LX9N","ppsKitVersion":"3.4.65.300","appPkgName":"com.android.todolist","appVersionCode":"1","type":4} 
12-27 20:35:33.700  1381  2147 I WindowManager: Changing focus from Window{599a1fd u0 com.android.todolist/com.android.todolist.MainActivity} to Window{c5cf3a9 u0 com.android.todolist/com.android.todolist.MainActivity} displayId=0 Callers=com.android.server.wm.RootWindowContainer.updateFocusedWindowLocked:201 com.android.server.wm.WindowManagerService.updateFocusedWindowLocked:6211 com.android.server.wm.WindowManagerService.addWindow:1889 com.android.server.wm.HwWindowManagerService.addWindow:260 
12-27 20:35:33.701  1381  2147 I WindowManager: addWindow: Window{c5cf3a9 u0 com.android.todolist/com.android.todolist.MainActivity}
12-27 20:35:33.711 12085 12330 D HiTouch_PressGestureDetector: onAttached, package=com.android.todolist, windowType=2, mHiTouchRestricted=true
12-27 20:35:33.849  1381  1424 I WindowManager: dispatchResized : win = Window{c5cf3a9 u0 com.android.todolist/com.android.todolist.MainActivity} drawState = READY_TO_SHOW
12-27 20:35:33.866  1381  1421 I StatusBarDisable: setFlags what=0 which=1 pkg=Window{c5cf3a9 u0 com.android.todolist/com.android.todolist.MainActivity}
12-27 20:35:38.700 12085 12085 I chatty  : uid=10051(com.android.todolist) identical 6 lines
12-27 20:35:39.405  1381  1421 I StatusBarDisable: setFlags what=0 which=1 pkg=Window{c5cf3a9 u0 com.android.todolist/com.android.todolist.MainActivity}
12-27 20:35:39.411  1381  1817 I WindowManager: dispatchResized : win = Window{599a1fd u0 com.android.todolist/com.android.todolist.MainActivity} drawState = HAS_DRAWN
12-27 20:35:45.663  1381  1971 I WindowManager: removeIfPossible: Window{c5cf3a9 u0 com.android.todolist/com.android.todolist.MainActivity} callers=com.android.server.wm.WindowState.removeIfPossible:2332 com.android.server.wm.WindowManagerService.removeWindow:2080 com.android.server.wm.Session.remove:178 android.view.IWindowSession$Stub.onTransact:658 com.android.server.wm.Session.onTransact:136 
12-27 20:35:45.665  1381  1971 I WindowManager: Not removing Window{c5cf3a9 u0 com.android.todolist/com.android.todolist.MainActivity EXITING} due to exit animation 
12-27 20:35:45.665  1381  1971 I WindowManager: Changing focus from Window{c5cf3a9 u0 com.android.todolist/com.android.todolist.MainActivity EXITING} to Window{599a1fd u0 com.android.todolist/com.android.todolist.MainActivity} displayId=0 Callers=com.android.server.wm.RootWindowContainer.updateFocusedWindowLocked:201 com.android.server.wm.WindowManagerService.updateFocusedWindowLocked:6211 com.android.server.wm.WindowState.setupWindowForRemoveOnExit:2487 com.android.server.wm.WindowState.removeIfPossible:2449 
12-27 20:35:45.811  1381  1421 I StatusBarDisable: setFlags what=0 which=1 pkg=Window{599a1fd u0 com.android.todolist/com.android.todolist.MainActivity}
12-27 20:35:45.812  1381  1817 I WindowManager: dispatchResized : win = Window{599a1fd u0 com.android.todolist/com.android.todolist.MainActivity} drawState = HAS_DRAWN
12-27 20:35:45.846  1381  1424 I WindowManager: Exit animation finished in Window{c5cf3a9 u0 com.android.todolist/com.android.todolist.MainActivity EXITING}: remove=true
12-27 20:35:45.846  1381  1424 E WindowManager: win=Window{c5cf3a9 u0 com.android.todolist/com.android.todolist.MainActivity EXITING} destroySurfaces: appStopped=false win.mWindowRemovalAllowed=true win.mRemoveOnExit=true
12-27 20:35:45.848  1381  1424 I WindowManager: postWindowRemoveCleanupLocked: Window{c5cf3a9 u0 com.android.todolist/com.android.todolist.MainActivity}
12-27 20:35:45.848  1381  1424 I WindowManager: Removing Window{c5cf3a9 u0 com.android.todolist/com.android.todolist.MainActivity} from AppWindowToken{b020b96 token=Token{84eeab1 ActivityRecord{45b8e3b u0 com.android.todolist/.MainActivity t678}}}
12-27 20:35:48.656  1381  1817 I WindowManager: Changing focus from Window{599a1fd u0 com.android.todolist/com.android.todolist.MainActivity} to Window{11840aa u0 com.android.todolist/com.android.todolist.MainActivity} displayId=0 Callers=com.android.server.wm.RootWindowContainer.updateFocusedWindowLocked:201 com.android.server.wm.WindowManagerService.updateFocusedWindowLocked:6211 com.android.server.wm.WindowManagerService.addWindow:1889 com.android.server.wm.HwWindowManagerService.addWindow:260 
12-27 20:35:48.658  1381  1817 I WindowManager: addWindow: Window{11840aa u0 com.android.todolist/com.android.todolist.MainActivity}
12-27 20:35:48.669 12085 12354 D HiTouch_PressGestureDetector: onAttached, package=com.android.todolist, windowType=2, mHiTouchRestricted=true
12-27 20:35:48.770  1381  1424 I WindowManager: dispatchResized : win = Window{11840aa u0 com.android.todolist/com.android.todolist.MainActivity} drawState = READY_TO_SHOW
12-27 20:35:48.787  1381  1421 I StatusBarDisable: setFlags what=0 which=1 pkg=Window{11840aa u0 com.android.todolist/com.android.todolist.MainActivity}
12-27 20:35:50.148  1381  1421 I StatusBarDisable: setFlags what=0 which=1 pkg=Window{11840aa u0 com.android.todolist/com.android.todolist.MainActivity}
12-27 20:35:50.153  1381  5491 I WindowManager: dispatchResized : win = Window{599a1fd u0 com.android.todolist/com.android.todolist.MainActivity} drawState = HAS_DRAWN
12-27 20:35:54.928  1381  1817 I WindowManager: dispatchResized : win = Window{599a1fd u0 com.android.todolist/com.android.todolist.MainActivity} drawState = HAS_DRAWN
12-27 20:35:56.108  1381  1817 I WindowManager: dispatchResized : win = Window{599a1fd u0 com.android.todolist/com.android.todolist.MainActivity} drawState = HAS_DRAWN
12-27 20:35:59.655  1381  5491 I WindowManager: removeIfPossible: Window{11840aa u0 com.android.todolist/com.android.todolist.MainActivity} callers=com.android.server.wm.WindowState.removeIfPossible:2332 com.android.server.wm.WindowManagerService.removeWindow:2080 com.android.server.wm.Session.remove:178 android.view.IWindowSession$Stub.onTransact:658 com.android.server.wm.Session.onTransact:136 
12-27 20:35:59.657  1381  5491 I WindowManager: Not removing Window{11840aa u0 com.android.todolist/com.android.todolist.MainActivity EXITING} due to exit animation 
12-27 20:35:59.657  1381  5491 I WindowManager: Changing focus from Window{11840aa u0 com.android.todolist/com.android.todolist.MainActivity EXITING} to Window{599a1fd u0 com.android.todolist/com.android.todolist.MainActivity} displayId=0 Callers=com.android.server.wm.RootWindowContainer.updateFocusedWindowLocked:201 com.android.server.wm.WindowManagerService.updateFocusedWindowLocked:6211 com.android.server.wm.WindowState.setupWindowForRemoveOnExit:2487 com.android.server.wm.WindowState.removeIfPossible:2449 
12-27 20:35:59.786  1381  1421 I StatusBarDisable: setFlags what=0 which=1 pkg=Window{599a1fd u0 com.android.todolist/com.android.todolist.MainActivity}
12-27 20:35:59.787  1381  5491 I WindowManager: dispatchResized : win = Window{599a1fd u0 com.android.todolist/com.android.todolist.MainActivity} drawState = HAS_DRAWN
12-27 20:35:59.821  1381  1424 I WindowManager: Exit animation finished in Window{11840aa u0 com.android.todolist/com.android.todolist.MainActivity EXITING}: remove=true
12-27 20:35:59.821  1381  1424 E WindowManager: win=Window{11840aa u0 com.android.todolist/com.android.todolist.MainActivity EXITING} destroySurfaces: appStopped=false win.mWindowRemovalAllowed=true win.mRemoveOnExit=true
12-27 20:35:59.822  1381  1424 I WindowManager: postWindowRemoveCleanupLocked: Window{11840aa u0 com.android.todolist/com.android.todolist.MainActivity}
12-27 20:35:59.823  1381  1424 I WindowManager: Removing Window{11840aa u0 com.android.todolist/com.android.todolist.MainActivity} from AppWindowToken{b020b96 token=Token{84eeab1 ActivityRecord{45b8e3b u0 com.android.todolist/.MainActivity t678}}}
12-27 20:36:01.614  1381  5968 W NotificationService: Toast already killed. pkg=com.android.todolist callback=android.app.ITransientNotification$Stub$Proxy@51cc45b
12-27 20:36:01.736  1381  1424 I DebugKeepScreenOn: Releasing screen wakelock, obscured by Window{599a1fd u0 com.android.todolist/com.android.todolist.MainActivity}
12-27 20:36:07.102  1381  5491 I WindowManager: Changing focus from Window{599a1fd u0 com.android.todolist/com.android.todolist.MainActivity} to Window{bbdb9c2 u0 com.android.todolist/com.android.todolist.MainActivity} displayId=0 Callers=com.android.server.wm.RootWindowContainer.updateFocusedWindowLocked:201 com.android.server.wm.WindowManagerService.updateFocusedWindowLocked:6211 com.android.server.wm.WindowManagerService.addWindow:1889 com.android.server.wm.HwWindowManagerService.addWindow:260 
12-27 20:36:07.103  1381  5491 I WindowManager: addWindow: Window{bbdb9c2 u0 com.android.todolist/com.android.todolist.MainActivity}
12-27 20:36:07.113 12085 12364 D HiTouch_PressGestureDetector: onAttached, package=com.android.todolist, windowType=2, mHiTouchRestricted=true
12-27 20:36:07.229  1381  1424 I WindowManager: dispatchResized : win = Window{bbdb9c2 u0 com.android.todolist/com.android.todolist.MainActivity} drawState = READY_TO_SHOW
12-27 20:36:07.246  1381  1421 I StatusBarDisable: setFlags what=0 which=1 pkg=Window{bbdb9c2 u0 com.android.todolist/com.android.todolist.MainActivity}
12-27 20:36:08.270  1381  5968 I WindowManager: removeIfPossible: Window{bbdb9c2 u0 com.android.todolist/com.android.todolist.MainActivity} callers=com.android.server.wm.WindowState.removeIfPossible:2332 com.android.server.wm.WindowManagerService.removeWindow:2080 com.android.server.wm.Session.remove:178 android.view.IWindowSession$Stub.onTransact:658 com.android.server.wm.Session.onTransact:136 
12-27 20:36:08.272  1381  5968 I WindowManager: Not removing Window{bbdb9c2 u0 com.android.todolist/com.android.todolist.MainActivity EXITING} due to exit animation 
12-27 20:36:08.273  1381  5968 I WindowManager: Changing focus from Window{bbdb9c2 u0 com.android.todolist/com.android.todolist.MainActivity EXITING} to Window{599a1fd u0 com.android.todolist/com.android.todolist.MainActivity} displayId=0 Callers=com.android.server.wm.RootWindowContainer.updateFocusedWindowLocked:201 com.android.server.wm.WindowManagerService.updateFocusedWindowLocked:6211 com.android.server.wm.WindowState.setupWindowForRemoveOnExit:2487 com.android.server.wm.WindowState.removeIfPossible:2449 
12-27 20:36:08.281  1381  1421 I StatusBarDisable: setFlags what=0 which=1 pkg=Window{599a1fd u0 com.android.todolist/com.android.todolist.MainActivity}
12-27 20:36:08.439  1381  1424 I WindowManager: Exit animation finished in Window{bbdb9c2 u0 com.android.todolist/com.android.todolist.MainActivity EXITING}: remove=true
12-27 20:36:08.439  1381  1424 E WindowManager: win=Window{bbdb9c2 u0 com.android.todolist/com.android.todolist.MainActivity EXITING} destroySurfaces: appStopped=false win.mWindowRemovalAllowed=true win.mRemoveOnExit=true
12-27 20:36:08.440  1381  1424 I WindowManager: postWindowRemoveCleanupLocked: Window{bbdb9c2 u0 com.android.todolist/com.android.todolist.MainActivity}
12-27 20:36:08.440  1381  1424 I WindowManager: Removing Window{bbdb9c2 u0 com.android.todolist/com.android.todolist.MainActivity} from AppWindowToken{b020b96 token=Token{84eeab1 ActivityRecord{45b8e3b u0 com.android.todolist/.MainActivity t678}}}
12-27 20:36:38.586  2001  2470 I PG_ash  : above launcher front pkgs: [com.android.todolist, com.huawei.android.launcher]
12-27 20:36:38.590  1381  1421 W HwActivityTaskManagerServiceEx: setResumedActivityUncheckLocked start call, from: ActivityRecord{45b8e3b u0 com.android.todolist/.MainActivity t678}, to: ActivityRecord{9b8b171 u0 com.huawei.android.launcher/.unihome.UniHomeLauncher t1}
12-27 20:36:38.590  1381  1421 W HwActivityTaskManagerServiceEx: appSwitch from: com.android.todolist to: com.huawei.android.launcher
12-27 20:36:38.591  1381  1421 I WindowManager: Changing focus from Window{599a1fd u0 com.android.todolist/com.android.todolist.MainActivity} to null displayId=0 Callers=com.android.server.wm.RootWindowContainer.updateFocusedWindowLocked:201 com.android.server.wm.WindowManagerService.updateFocusedWindowLocked:6211 com.android.server.wm.ActivityDisplay.setFocusedApp:1509 com.android.server.wm.ActivityTaskManagerService.setResumedActivityUncheckLocked:6238 
12-27 20:36:38.592  1858  6949 I AssistantService-1030200: registerHwActivityNotifier call fromPackage:com.android.todolist, toPackage:com.huawei.android.launcher
12-27 20:36:38.592  1858  6634 D AssistantService-1030200: handleMessage app switch fromPackage:com.android.todolist, toPackage:com.huawei.android.launcher
12-27 20:36:38.593  2001  2201 I ScenarioService: app focus change from: com.android.todolist to:com.huawei.android.launcher
12-27 20:36:38.600  2001  2654 I PGServer: report state:10000 event type:2 pid:0 uid:0 pkg:com.android.todolist to pid: 1381
12-27 20:36:38.600  2001  2654 I PGServer: report state:10000 event type:2 pid:0 uid:0 pkg:com.android.todolist to pid: 2001
12-27 20:36:38.600  2001  2654 I SceneReceiver: state type: 10000 eventType:2 pid:0 uid:0 pkg:com.android.todolist
12-27 20:36:38.600  2001  2201 I AppsUsage: scnOff:false FgAPP:com.huawei.android.launcher BgAPP:com.android.todolist
12-27 20:36:38.601  2001  4209 D ThermalTrace_ThermalRaise: current pkg:com.android.todolist
12-27 20:36:38.620  1381  1431 I HwAudioServiceEx: ComponentInfo : className = com.android.todolist.MainActivity, flag=onPause, isHomeActivity=, isTop=false
12-27 20:36:38.629  1381  1423 V ActivityTaskManager: Stopping ActivityRecord{45b8e3b u0 com.android.todolist/.MainActivity t678}: nowVisible=false animating=true finishing=false
12-27 20:36:38.634  1381  1423 V ActivityTaskManager: Stopping ActivityRecord{45b8e3b u0 com.android.todolist/.MainActivity t678}: nowVisible=false animating=true finishing=false
12-27 20:36:38.762  1381  1424 D HwWindowManagerServiceEx: is app exit to launcher info: transit = 13, app = AppWindowToken{b020b96 token=Token{84eeab1 ActivityRecord{45b8e3b u0 com.android.todolist/.MainActivity t678}}}, window = Window{599a1fd u0 com.android.todolist/com.android.todolist.MainActivity}, mClosingApps = {AppWindowToken{b020b96 token=Token{84eeab1 ActivityRecord{45b8e3b u0 com.android.todolist/.MainActivity t678}}}}, topOpeningApp = AppWindowToken{255f3ad token=Token{d1598c4 ActivityRecord{9b8b171 u0 com.huawei.android.launcher/.unihome.UniHomeLauncher t1}}}, mExitIconBitmap = android.graphics.Bitmap@863d1f, mExitIconHeight = 117, mExitIconWidth = 117
12-27 20:36:38.768  1381  1424 V WindowManager: commitVisibility: AppWindowToken{b020b96 token=Token{84eeab1 ActivityRecord{45b8e3b u0 com.android.todolist/.MainActivity t678}}}: hidden=true hiddenRequested=true
12-27 20:36:38.772  1381  1424 D HwWindowManagerServiceEx: is app exit to launcher info: transit = 13, app = AppWindowToken{255f3ad token=Token{d1598c4 ActivityRecord{9b8b171 u0 com.huawei.android.launcher/.unihome.UniHomeLauncher t1}}}, window = Window{be4af42 u0 com.huawei.android.launcher/com.huawei.android.launcher.unihome.UniHomeLauncher}, mClosingApps = {AppWindowToken{b020b96 token=Token{84eeab1 ActivityRecord{45b8e3b u0 com.android.todolist/.MainActivity t678}}}}, topOpeningApp = AppWindowToken{255f3ad token=Token{d1598c4 ActivityRecord{9b8b171 u0 com.huawei.android.launcher/.unihome.UniHomeLauncher t1}}}, mExitIconBitmap = android.graphics.Bitmap@863d1f, mExitIconHeight = 117, mExitIconWidth = 117
12-27 20:36:38.773  1381  1424 I HwWindowManagerServiceEx: {AppWindowToken{b020b96 token=Token{84eeab1 ActivityRecord{45b8e3b u0 com.android.todolist/.MainActivity t678}}}} is closing and {AppWindowToken{255f3ad token=Token{d1598c4 ActivityRecord{9b8b171 u0 com.huawei.android.launcher/.unihome.UniHomeLauncher t1}}}}is opening
12-27 20:36:38.879  1381  1817 V ActivityTaskManager: Stopping ActivityRecord{45b8e3b u0 com.android.todolist/.MainActivity t678}: nowVisible=false animating=true finishing=false
12-27 20:36:39.081  1381  1424 I WindowManager: Animation done in AppWindowToken{b020b96 token=Token{84eeab1 ActivityRecord{45b8e3b u0 com.android.todolist/.MainActivity t678}}} isHidden:true hiddenRequested:true
12-27 20:36:39.141  1381  4067 I WindowManager: notifyAppStopped: AppWindowToken{b020b96 token=Token{84eeab1 ActivityRecord{45b8e3b u0 com.android.todolist/.MainActivity t678}}}
12-27 20:36:39.141  1381  4067 E WindowManager: win=Window{599a1fd u0 com.android.todolist/com.android.todolist.MainActivity} destroySurfaces: appStopped=true win.mWindowRemovalAllowed=false win.mRemoveOnExit=false
12-27 20:36:39.154   702  1146 D AGPService: itouch currentPackageName = com.android.todolist
12-27 20:36:39.154   702  1146 D AGPService: itouch:app com.android.todolist is  not game app
12-27 20:36:39.154   702  1146 D AGPService: itouch:app com.android.todolist is  not in StylusPenList
12-27 20:36:44.199  1381  4067 I ActivityTaskManager: START u0 {act=android.intent.action.MAIN cat=[android.intent.category.LAUNCHER] flg=0x10200000 hwFlg=0x10 cmp=com.android.todolist/.MainActivity bnds=[360,697][528,905]} from uid 10062
12-27 20:36:44.201  1381  4067 I ActivityTaskManager: ActivityRecord info: ActivityInfo{5caee1e com.android.todolist.MainActivity}
12-27 20:36:44.201  1381  4067 D ActivityTaskManager: TaskLaunchParamsModifier:task=null activity=ActivityRecord{528b6ff u0 com.android.todolist/.MainActivity t-1} display-from-source=0 display-id=0 display-windowing-mode=1
12-27 20:36:44.201  1381  4067 D ActivityTaskManager: TaskLaunchParamsModifier:task=TaskRecord{cf3b958 #678 A=10051:com.android.todolist U=0 StackId=7 sz=1} activity=ActivityRecord{528b6ff u0 com.android.todolist/.MainActivity t-1} display-from-task=0 display-id=0 display-windowing-mode=1 activity-options-fullscreen=Rect(0, 0 - 0, 0) non-freeform-display maximized-bounds
12-27 20:36:44.204  2001  2470 I PG_ash  : front pkg : com.android.todolist launcher: false
12-27 20:36:44.204  2001  2470 I PG_ash  : above launcher front pkgs: [com.android.todolist]
12-27 20:36:44.204  1381  4067 W HwActivityTaskManagerServiceEx: appSwitch from: com.huawei.android.launcher to: com.android.todolist
12-27 20:36:44.205  2001  2201 I ScenarioService: app focus change from: com.huawei.android.launcher to:com.android.todolist
12-27 20:36:44.205  1381  1432 D HwGameAssistantController: UPDATE: mCurFgPkg=com.android.todolist, mCurFgPid=12085, mIsCurGame=false
12-27 20:36:44.206  1858  6949 I AssistantService-1030200: registerHwActivityNotifier call fromPackage:com.huawei.android.launcher, toPackage:com.android.todolist
12-27 20:36:44.206  1858  6634 D AssistantService-1030200: handleMessage app switch fromPackage:com.huawei.android.launcher, toPackage:com.android.todolist
12-27 20:36:44.212  1381  1431 I HwAudioServiceEx: ComponentInfo : className = com.android.todolist.MainActivity, flag=showStartingWindow, isHomeActivity=, isTop=true
12-27 20:36:44.217  1381  4067 E ActivityTaskManager: START {act=android.intent.action.MAIN cat=[android.intent.category.LAUNCHER] flg=0x10600000 hwFlg=0x10 cmp=com.android.todolist/.MainActivity bnds=[360,697][528,905]} result: 2
12-27 20:36:44.238  2001  2201 D ScenarioService: front pkg : com.android.todolist launcher: false
12-27 20:36:44.238  2001  2201 D ScenarioService: new above launcher front pkgs: [com.android.todolist]
12-27 20:36:44.238  2001  2201 I AppManager: handleAppFrontEvent: com.android.todolist
12-27 20:36:44.238  2001  2201 I AppsUsage: scnOff:false FgAPP:com.android.todolist BgAPP:com.huawei.android.launcher
12-27 20:36:44.238  2001  2654 I PGServer: report state:10000 event type:1 pid:0 uid:0 pkg:com.android.todolist to pid: 1381
12-27 20:36:44.238  1381  5491 V WindowManager: notifyAppResumed: wasStopped=true AppWindowToken{b020b96 token=Token{84eeab1 ActivityRecord{45b8e3b u0 com.android.todolist/.MainActivity t678}}}
12-27 20:36:44.238  2001  2654 I PGServer: report state:10000 event type:1 pid:0 uid:0 pkg:com.android.todolist to pid: 2001
12-27 20:36:44.239  2001  2654 I SceneReceiver: state type: 10000 eventType:1 pid:0 uid:0 pkg:com.android.todolist
12-27 20:36:44.241  2001  4206 D HwThermalStateManager: current foreapp pkg : com.android.todolist
12-27 20:36:44.245  1381  5491 I WindowManager: Check opening app=AppWindowToken{b020b96 token=Token{84eeab1 ActivityRecord{45b8e3b u0 com.android.todolist/.MainActivity t678}}}: allDrawn=false startingDisplayed=false startingMoved=false isRelaunching()=false startingWindow=Window{cdbc41b u0 SnapshotStartingWindow for taskId=678}
12-27 20:36:44.250  1381  1817 I WindowManager: Check opening app=AppWindowToken{b020b96 token=Token{84eeab1 ActivityRecord{45b8e3b u0 com.android.todolist/.MainActivity t678}}}: allDrawn=false startingDisplayed=true startingMoved=false isRelaunching()=false startingWindow=Window{cdbc41b u0 SnapshotStartingWindow for taskId=678}
12-27 20:36:44.251  1381  1817 D HwWindowManagerServiceEx: is app exit to launcher info: transit = 12, app = AppWindowToken{255f3ad token=Token{d1598c4 ActivityRecord{9b8b171 u0 com.huawei.android.launcher/.unihome.UniHomeLauncher t1}}}, window = Window{be4af42 u0 com.huawei.android.launcher/com.huawei.android.launcher.unihome.UniHomeLauncher}, mClosingApps = {AppWindowToken{255f3ad token=Token{d1598c4 ActivityRecord{9b8b171 u0 com.huawei.android.launcher/.unihome.UniHomeLauncher t1}}}}, topOpeningApp = AppWindowToken{b020b96 token=Token{84eeab1 ActivityRecord{45b8e3b u0 com.android.todolist/.MainActivity t678}}}, mExitIconBitmap = null, mExitIconHeight = -1, mExitIconWidth = -1
12-27 20:36:44.254  1381  1817 D HwWindowManagerServiceEx: is app exit to launcher info: transit = 12, app = AppWindowToken{b020b96 token=Token{84eeab1 ActivityRecord{45b8e3b u0 com.android.todolist/.MainActivity t678}}}, window = Window{599a1fd u0 com.android.todolist/com.android.todolist.MainActivity}, mClosingApps = {AppWindowToken{255f3ad token=Token{d1598c4 ActivityRecord{9b8b171 u0 com.huawei.android.launcher/.unihome.UniHomeLauncher t1}}}}, topOpeningApp = AppWindowToken{b020b96 token=Token{84eeab1 ActivityRecord{45b8e3b u0 com.android.todolist/.MainActivity t678}}}, mExitIconBitmap = null, mExitIconHeight = -1, mExitIconWidth = -1
12-27 20:36:44.257  1381  1817 V WindowManager: commitVisibility: AppWindowToken{b020b96 token=Token{84eeab1 ActivityRecord{45b8e3b u0 com.android.todolist/.MainActivity t678}}}: hidden=false hiddenRequested=false
12-27 20:36:44.279  1381  1431 I HwAudioServiceEx: ComponentInfo : className = com.android.todolist.MainActivity, flag=onResume, isHomeActivity=, isTop=true
12-27 20:36:44.285   702  1146 D AGPService: itouch currentPackageName = com.android.todolist
12-27 20:36:44.285   702  1146 D AGPService: itouch:app com.android.todolist is  not game app
12-27 20:36:44.285   702  1146 D AGPService: itouch:app com.android.todolist is  not in StylusPenList
12-27 20:36:44.291  1381  1971 I WindowManager: Changing focus from null to Window{599a1fd u0 com.android.todolist/com.android.todolist.MainActivity} displayId=0 Callers=com.android.server.wm.RootWindowContainer.updateFocusedWindowLocked:201 com.android.server.wm.WindowManagerService.updateFocusedWindowLocked:6211 com.android.server.wm.WindowManagerService.relayoutWindow:2573 com.android.server.wm.Session.relayout:196 
12-27 20:36:44.292  1381  1971 V HwPhoneWindowManager: updateSystemUiColorLw window=Window{599a1fd u0 com.android.todolist/com.android.todolist.MainActivity},EmuiStyle=0,StatusBarColor=0xff00574b,NavigationBarColor=0xfffcfcfc, mForceNotchStatusBar=false
12-27 20:36:44.294  1381  1421 I StatusBarDisable: setFlags what=0 which=1 pkg=Window{599a1fd u0 com.android.todolist/com.android.todolist.MainActivity}
12-27 20:36:44.308  2001  2201 I ScenarioService: refresh visibleApp:[com.android.todolist]
12-27 20:36:44.308  2001  2201 I PGServer: report state:10022 event type:1 pid:-1 uid:-1 pkg:com.android.todolist to pid: 2001
12-27 20:36:44.308   702  1146 I AGPService: aps-info: focus pkgName - com.android.todolist, with 0 more apps
12-27 20:36:44.308   702  1146 I AGPService: aps-info: new pkgName - com.android.todolist
12-27 20:36:44.343  1381 11241 V ActivityTaskManager: Activity idle: Token{84eeab1 ActivityRecord{45b8e3b u0 com.android.todolist/.MainActivity t678}}
12-27 20:36:44.390  1381  1424 I WindowManager: Removing Window{cdbc41b u0 SnapshotStartingWindow for taskId=678} from AppWindowToken{b020b96 token=Token{84eeab1 ActivityRecord{45b8e3b u0 com.android.todolist/.MainActivity t678}}}
12-27 20:36:44.423  1381  1424 I WindowManager: Animation done in AppWindowToken{b020b96 token=Token{84eeab1 ActivityRecord{45b8e3b u0 com.android.todolist/.MainActivity t678}}} isHidden:false hiddenRequested:false
12-27 20:36:45.665  2001  4208 I ThermalTraceService: code:1, appInfo:com.android.todolist#10000, levelInfo:52,demon_warm_system_h,1
12-27 20:37:36.329  2553 12390 I HiAdKit.HiAdRequestDataLogger:  upper thread name: PPS-Net-pool-thread-34 request data: {"androidApiVer":"29","buildVer":"MED-L49 10.1.0.297(C10E4R3P2)","emuiVer":"EmotionUI_10.1.0","maker":"HUAWEI","model":"MED-LX9N","ppsKitVersion":"3.4.65.300","appPkgName":"com.android.todolist","appVersionCode":"1","type":4} 
12-27 20:38:32.095  2001  2470 I PG_ash  : above launcher front pkgs: [com.android.todolist, com.huawei.android.launcher]
12-27 20:38:32.097  1381  1421 W HwActivityTaskManagerServiceEx: setResumedActivityUncheckLocked start call, from: ActivityRecord{45b8e3b u0 com.android.todolist/.MainActivity t678}, to: ActivityRecord{9b8b171 u0 com.huawei.android.launcher/.unihome.UniHomeLauncher t1}
12-27 20:38:32.098  1381  1421 W HwActivityTaskManagerServiceEx: appSwitch from: com.android.todolist to: com.huawei.android.launcher
12-27 20:38:32.099  1381  1421 I WindowManager: Changing focus from Window{599a1fd u0 com.android.todolist/com.android.todolist.MainActivity} to null displayId=0 Callers=com.android.server.wm.RootWindowContainer.updateFocusedWindowLocked:201 com.android.server.wm.WindowManagerService.updateFocusedWindowLocked:6211 com.android.server.wm.ActivityDisplay.setFocusedApp:1509 com.android.server.wm.ActivityTaskManagerService.setResumedActivityUncheckLocked:6238 
12-27 20:38:32.101  1858  6949 I AssistantService-1030200: registerHwActivityNotifier call fromPackage:com.android.todolist, toPackage:com.huawei.android.launcher
12-27 20:38:32.101  1858  6634 D AssistantService-1030200: handleMessage app switch fromPackage:com.android.todolist, toPackage:com.huawei.android.launcher
12-27 20:38:32.101  2001  2201 I ScenarioService: app focus change from: com.android.todolist to:com.huawei.android.launcher
12-27 20:38:32.108  2001  2654 I PGServer: report state:10000 event type:2 pid:0 uid:0 pkg:com.android.todolist to pid: 1381
12-27 20:38:32.108  2001  2654 I PGServer: report state:10000 event type:2 pid:0 uid:0 pkg:com.android.todolist to pid: 2001
12-27 20:38:32.108  2001  2654 I SceneReceiver: state type: 10000 eventType:2 pid:0 uid:0 pkg:com.android.todolist
12-27 20:38:32.109  2001  2201 I AppsUsage: scnOff:false FgAPP:com.huawei.android.launcher BgAPP:com.android.todolist
12-27 20:38:32.109  2001  4209 D ThermalTrace_ThermalRaise: current pkg:com.android.todolist
12-27 20:38:32.128  1381  1431 I HwAudioServiceEx: ComponentInfo : className = com.android.todolist.MainActivity, flag=onPause, isHomeActivity=, isTop=false
12-27 20:38:32.149  1381  1423 V ActivityTaskManager: Stopping ActivityRecord{45b8e3b u0 com.android.todolist/.MainActivity t678}: nowVisible=false animating=true finishing=false
12-27 20:38:32.151  1381  1423 V ActivityTaskManager: Stopping ActivityRecord{45b8e3b u0 com.android.todolist/.MainActivity t678}: nowVisible=false animating=true finishing=false
12-27 20:38:32.252  1381  1424 D HwWindowManagerServiceEx: is app exit to launcher info: transit = 13, app = AppWindowToken{b020b96 token=Token{84eeab1 ActivityRecord{45b8e3b u0 com.android.todolist/.MainActivity t678}}}, window = Window{599a1fd u0 com.android.todolist/com.android.todolist.MainActivity}, mClosingApps = {AppWindowToken{b020b96 token=Token{84eeab1 ActivityRecord{45b8e3b u0 com.android.todolist/.MainActivity t678}}}}, topOpeningApp = AppWindowToken{255f3ad token=Token{d1598c4 ActivityRecord{9b8b171 u0 com.huawei.android.launcher/.unihome.UniHomeLauncher t1}}}, mExitIconBitmap = android.graphics.Bitmap@a44ccd7, mExitIconHeight = 117, mExitIconWidth = 117
12-27 20:38:32.258  1381  1424 V WindowManager: commitVisibility: AppWindowToken{b020b96 token=Token{84eeab1 ActivityRecord{45b8e3b u0 com.android.todolist/.MainActivity t678}}}: hidden=true hiddenRequested=true
12-27 20:38:32.260  1381  1424 D HwWindowManagerServiceEx: is app exit to launcher info: transit = 13, app = AppWindowToken{255f3ad token=Token{d1598c4 ActivityRecord{9b8b171 u0 com.huawei.android.launcher/.unihome.UniHomeLauncher t1}}}, window = Window{be4af42 u0 com.huawei.android.launcher/com.huawei.android.launcher.unihome.UniHomeLauncher}, mClosingApps = {AppWindowToken{b020b96 token=Token{84eeab1 ActivityRecord{45b8e3b u0 com.android.todolist/.MainActivity t678}}}}, topOpeningApp = AppWindowToken{255f3ad token=Token{d1598c4 ActivityRecord{9b8b171 u0 com.huawei.android.launcher/.unihome.UniHomeLauncher t1}}}, mExitIconBitmap = android.graphics.Bitmap@a44ccd7, mExitIconHeight = 117, mExitIconWidth = 117
12-27 20:38:32.261  1381  1424 I HwWindowManagerServiceEx: {AppWindowToken{b020b96 token=Token{84eeab1 ActivityRecord{45b8e3b u0 com.android.todolist/.MainActivity t678}}}} is closing and {AppWindowToken{255f3ad token=Token{d1598c4 ActivityRecord{9b8b171 u0 com.huawei.android.launcher/.unihome.UniHomeLauncher t1}}}}is opening
12-27 20:38:32.317  1381  5968 V ActivityTaskManager: Stopping ActivityRecord{45b8e3b u0 com.android.todolist/.MainActivity t678}: nowVisible=false animating=true finishing=false
12-27 20:38:32.569  1381 11241 V ActivityTaskManager: Stopping ActivityRecord{45b8e3b u0 com.android.todolist/.MainActivity t678}: nowVisible=false animating=true finishing=false
12-27 20:38:32.572  1381  1424 I WindowManager: Animation done in AppWindowToken{b020b96 token=Token{84eeab1 ActivityRecord{45b8e3b u0 com.android.todolist/.MainActivity t678}}} isHidden:true hiddenRequested:true
12-27 20:38:32.633  1381 11241 I WindowManager: notifyAppStopped: AppWindowToken{b020b96 token=Token{84eeab1 ActivityRecord{45b8e3b u0 com.android.todolist/.MainActivity t678}}}
12-27 20:38:32.633  1381 11241 E WindowManager: win=Window{599a1fd u0 com.android.todolist/com.android.todolist.MainActivity} destroySurfaces: appStopped=true win.mWindowRemovalAllowed=false win.mRemoveOnExit=false
12-27 20:38:32.639   702  1146 D AGPService: itouch currentPackageName = com.android.todolist
12-27 20:38:32.640   702  1146 D AGPService: itouch:app com.android.todolist is  not game app
12-27 20:38:32.640   702  1146 D AGPService: itouch:app com.android.todolist is  not in StylusPenList
12-27 20:42:28.273  1381 11241 I ActivityTaskManager: START u0 {act=android.intent.action.MAIN cat=[android.intent.category.LAUNCHER] flg=0x10200000 hwFlg=0x10 cmp=com.android.todolist/.MainActivity bnds=[360,697][528,905]} from uid 10062
12-27 20:42:28.275  1381 11241 I ActivityTaskManager: ActivityRecord info: ActivityInfo{5caee1e com.android.todolist.MainActivity}
12-27 20:42:28.276  1381 11241 D ActivityTaskManager: TaskLaunchParamsModifier:task=null activity=ActivityRecord{54061b5 u0 com.android.todolist/.MainActivity t-1} display-from-source=0 display-id=0 display-windowing-mode=1
12-27 20:42:28.275  2001  2470 I PG_ash  : front pkg : com.android.todolist launcher: false
12-27 20:42:28.276  2001  2470 I PG_ash  : above launcher front pkgs: [com.android.todolist]
12-27 20:42:28.276  1381 11241 D ActivityTaskManager: TaskLaunchParamsModifier:task=TaskRecord{cf3b958 #678 A=10051:com.android.todolist U=0 StackId=7 sz=1} activity=ActivityRecord{54061b5 u0 com.android.todolist/.MainActivity t-1} display-from-task=0 display-id=0 display-windowing-mode=1 activity-options-fullscreen=Rect(0, 0 - 0, 0) non-freeform-display maximized-bounds
12-27 20:42:28.279  1381 11241 W HwActivityTaskManagerServiceEx: appSwitch from: com.huawei.android.launcher to: com.android.todolist
12-27 20:42:28.280  1381  1432 D HwGameAssistantController: UPDATE: mCurFgPkg=com.android.todolist, mCurFgPid=12085, mIsCurGame=false
12-27 20:42:28.281  1858  6949 I AssistantService-1030200: registerHwActivityNotifier call fromPackage:com.huawei.android.launcher, toPackage:com.android.todolist
12-27 20:42:28.281  1858  6634 D AssistantService-1030200: handleMessage app switch fromPackage:com.huawei.android.launcher, toPackage:com.android.todolist
12-27 20:42:28.283  2001  2201 I ScenarioService: app focus change from: com.huawei.android.launcher to:com.android.todolist
12-27 20:42:28.288  1381  1431 I HwAudioServiceEx: ComponentInfo : className = com.android.todolist.MainActivity, flag=showStartingWindow, isHomeActivity=, isTop=true
12-27 20:42:28.291  1381 11241 E ActivityTaskManager: START {act=android.intent.action.MAIN cat=[android.intent.category.LAUNCHER] flg=0x10600000 hwFlg=0x10 cmp=com.android.todolist/.MainActivity bnds=[360,697][528,905]} result: 2
12-27 20:42:28.312  2001  2201 D ScenarioService: front pkg : com.android.todolist launcher: false
12-27 20:42:28.312  2001  2201 D ScenarioService: new above launcher front pkgs: [com.android.todolist]
12-27 20:42:28.312  2001  2201 I AppManager: handleAppFrontEvent: com.android.todolist
12-27 20:42:28.312  1381 11241 V WindowManager: notifyAppResumed: wasStopped=true AppWindowToken{b020b96 token=Token{84eeab1 ActivityRecord{45b8e3b u0 com.android.todolist/.MainActivity t678}}}
12-27 20:42:28.312  2001  2654 I PGServer: report state:10000 event type:1 pid:0 uid:0 pkg:com.android.todolist to pid: 1381
12-27 20:42:28.312  2001  2654 I PGServer: report state:10000 event type:1 pid:0 uid:0 pkg:com.android.todolist to pid: 2001
12-27 20:42:28.313  2001  2654 I SceneReceiver: state type: 10000 eventType:1 pid:0 uid:0 pkg:com.android.todolist
12-27 20:42:28.313  2001  4206 D HwThermalStateManager: current foreapp pkg : com.android.todolist
12-27 20:42:28.315  2001  2201 I AppsUsage: scnOff:false FgAPP:com.android.todolist BgAPP:com.huawei.android.launcher
12-27 20:42:28.317  1381 11241 I WindowManager: Check opening app=AppWindowToken{b020b96 token=Token{84eeab1 ActivityRecord{45b8e3b u0 com.android.todolist/.MainActivity t678}}}: allDrawn=false startingDisplayed=false startingMoved=false isRelaunching()=false startingWindow=Window{626431 u0 SnapshotStartingWindow for taskId=678}
12-27 20:42:28.326  1381  1424 I WindowManager: Check opening app=AppWindowToken{b020b96 token=Token{84eeab1 ActivityRecord{45b8e3b u0 com.android.todolist/.MainActivity t678}}}: allDrawn=false startingDisplayed=true startingMoved=false isRelaunching()=false startingWindow=Window{626431 u0 SnapshotStartingWindow for taskId=678}
12-27 20:42:28.327  1381  1424 D HwWindowManagerServiceEx: is app exit to launcher info: transit = 12, app = AppWindowToken{255f3ad token=Token{d1598c4 ActivityRecord{9b8b171 u0 com.huawei.android.launcher/.unihome.UniHomeLauncher t1}}}, window = Window{be4af42 u0 com.huawei.android.launcher/com.huawei.android.launcher.unihome.UniHomeLauncher}, mClosingApps = {AppWindowToken{255f3ad token=Token{d1598c4 ActivityRecord{9b8b171 u0 com.huawei.android.launcher/.unihome.UniHomeLauncher t1}}}}, topOpeningApp = AppWindowToken{b020b96 token=Token{84eeab1 ActivityRecord{45b8e3b u0 com.android.todolist/.MainActivity t678}}}, mExitIconBitmap = null, mExitIconHeight = -1, mExitIconWidth = -1
12-27 20:42:28.331  1381  1424 D HwWindowManagerServiceEx: is app exit to launcher info: transit = 12, app = AppWindowToken{b020b96 token=Token{84eeab1 ActivityRecord{45b8e3b u0 com.android.todolist/.MainActivity t678}}}, window = Window{599a1fd u0 com.android.todolist/com.android.todolist.MainActivity}, mClosingApps = {AppWindowToken{255f3ad token=Token{d1598c4 ActivityRecord{9b8b171 u0 com.huawei.android.launcher/.unihome.UniHomeLauncher t1}}}}, topOpeningApp = AppWindowToken{b020b96 token=Token{84eeab1 ActivityRecord{45b8e3b u0 com.android.todolist/.MainActivity t678}}}, mExitIconBitmap = null, mExitIconHeight = -1, mExitIconWidth = -1
12-27 20:42:28.333  1381  1424 V WindowManager: commitVisibility: AppWindowToken{b020b96 token=Token{84eeab1 ActivityRecord{45b8e3b u0 com.android.todolist/.MainActivity t678}}}: hidden=false hiddenRequested=false
12-27 20:42:28.357  1381  1431 I HwAudioServiceEx: ComponentInfo : className = com.android.todolist.MainActivity, flag=onResume, isHomeActivity=, isTop=true
12-27 20:42:28.363   702  1146 D AGPService: itouch currentPackageName = com.android.todolist
12-27 20:42:28.364   702  1146 D AGPService: itouch:app com.android.todolist is  not game app
12-27 20:42:28.364   702  1146 D AGPService: itouch:app com.android.todolist is  not in StylusPenList
12-27 20:42:28.372  1381  5968 I WindowManager: Changing focus from null to Window{599a1fd u0 com.android.todolist/com.android.todolist.MainActivity} displayId=0 Callers=com.android.server.wm.RootWindowContainer.updateFocusedWindowLocked:201 com.android.server.wm.WindowManagerService.updateFocusedWindowLocked:6211 com.android.server.wm.WindowManagerService.relayoutWindow:2573 com.android.server.wm.Session.relayout:196 
12-27 20:42:28.373  1381  5968 V HwPhoneWindowManager: updateSystemUiColorLw window=Window{599a1fd u0 com.android.todolist/com.android.todolist.MainActivity},EmuiStyle=0,StatusBarColor=0xff00574b,NavigationBarColor=0xfffcfcfc, mForceNotchStatusBar=false
12-27 20:42:28.374  1381  1421 I StatusBarDisable: setFlags what=0 which=1 pkg=Window{599a1fd u0 com.android.todolist/com.android.todolist.MainActivity}
12-27 20:42:28.384  2001  2201 I ScenarioService: refresh visibleApp:[com.android.todolist]
12-27 20:42:28.384  2001  2201 I PGServer: report state:10022 event type:1 pid:-1 uid:-1 pkg:com.android.todolist to pid: 2001
12-27 20:42:28.385   702  1146 I AGPService: aps-info: focus pkgName - com.android.todolist, with 0 more apps
12-27 20:42:28.385   702  1146 I AGPService: aps-info: new pkgName - com.android.todolist
12-27 20:42:28.427  1381  2700 V ActivityTaskManager: Activity idle: Token{84eeab1 ActivityRecord{45b8e3b u0 com.android.todolist/.MainActivity t678}}
12-27 20:42:28.476  1381  1424 I WindowManager: Removing Window{626431 u0 SnapshotStartingWindow for taskId=678} from AppWindowToken{b020b96 token=Token{84eeab1 ActivityRecord{45b8e3b u0 com.android.todolist/.MainActivity t678}}}
12-27 20:42:28.493  1381  1424 I WindowManager: Animation done in AppWindowToken{b020b96 token=Token{84eeab1 ActivityRecord{45b8e3b u0 com.android.todolist/.MainActivity t678}}} isHidden:false hiddenRequested:false
12-27 20:42:30.764  2001  4208 I ThermalTraceService: code:1, appInfo:com.android.todolist#10000, levelInfo:52,demon_warm_system_h,1
